[]*ctags.Entry{
	{
		Name:     "com.sourcegraph",
		Path:     "com/sourcegraph/A.java",
		Line:     2,
		Kind:     "package",
		Language: "Java",
		Pattern:  "/^package com.sourcegraph;$/",
	},
	{
		Name:     "A",
		Path:     "com/sourcegraph/A.java",
		Line:     4,
		Kind:     "classes",
		Language: "Java",
		Pattern:  "/^class A implements B extends C {$/",
	},
	{
		Name:     "A",
		Path:     "com/sourcegraph/A.java",
		Line:     4,
		Kind:     "class",
		Language: "Java",
		Pattern:  "/^class A implements B extends C {$/",
	},
	{
		Name:       "D",
		Path:       "com/sourcegraph/A.java",
		Line:       5,
		Kind:       "field",
		Language:   "Java",
		Parent:     "A",
		ParentKind: "class",
		Pattern:    "/^  public static int D = 1;$/",
	},
	{
		Name:       "E",
		Path:       "com/sourcegraph/A.java",
		Line:       6,
		Kind:       "field",
		Language:   "Java",
		Parent:     "A",
		ParentKind: "class",
		Pattern:    "/^  public int E;$/",
	},
	{
		Name:       "A",
		Path:       "com/sourcegraph/A.java",
		Line:       7,
		Kind:       "method",
		Language:   "Java",
		Parent:     "A",
		ParentKind: "class",
		Pattern:    "/^  public A() {$/",
		Signature:  "()",
	},
	{
		Name:       "F",
		Path:       "com/sourcegraph/A.java",
		Line:       10,
		Kind:       "method",
		Language:   "Java",
		Parent:     "A",
		ParentKind: "class",
		Pattern:    "/^  public int F() {$/",
		Signature:  "()",
	},
}
