[]*ctags.Entry{
	{
		Name:     "abc",
		Path:     "test.groovy",
		Line:     2,
		Kind:     "package",
		Language: "Groovy",
		Pattern:  "/^package abc$/",
	},
	{
		Name:     "a",
		Path:     "test.groovy",
		Line:     4,
		Kind:     "field",
		Language: "Groovy",
		Pattern:  "/^int a = 1$/",
	},
	{
		Name:     "b",
		Path:     "test.groovy",
		Line:     5,
		Kind:     "field",
		Language: "Groovy",
		Pattern:  "/^String b = ''$/",
	},
	{
		Name:     "c",
		Path:     "test.groovy",
		Line:     6,
		Kind:     "field",
		Language: "Groovy",
		Pattern:  "/^List<String> c = [1, 2, 3]$/",
	},
	{
		Name:     "e",
		Path:     "test.groovy",
		Line:     9,
		Kind:     "field",
		Language: "Groovy",
		Pattern:  "/^Map<String, String> e = [a: 1, b: 2]$/",
	},
	{
		Name:     "f",
		Path:     "test.groovy",
		Line:     10,
		Kind:     "method",
		Language: "Groovy",
		Pattern:  "/^def f() {$/",
	},
	{
		Name:     "g",
		Path:     "test.groovy",
		Line:     13,
		Kind:     "field",
		Language: "Groovy",
		Pattern:  "/^def g = {x -> x}$/",
	},
}
